******************************************************************************
             TMS320C2000 Linker PC v18.12.2                    
******************************************************************************
>> Linked Sat Jun 29 14:19:58 2019

OUTPUT FILE NAME:   <Example.out>
ENTRY POINT SYMBOL: "_c_int00"  address: 0000810e


MEMORY CONFIGURATION

         name            origin    length      used     unused   attr    fill
----------------------  --------  ---------  --------  --------  ----  --------
PAGE 0:
  BEGIN                 00000000   00000002  00000000  00000002  RWIX
  RAMM0                 00000050   000003b0  0000001e  00000392  RWIX
  PRAML0                00008000   00000900  00000384  0000057c  RWIX
  IQTABLES              003fe000   00000b50  00000000  00000b50  RWIX
  IQTABLES2             003feb50   0000008c  00000000  0000008c  RWIX
  IQTABLES3             003febdc   000000aa  00000000  000000aa  RWIX
  BOOTROM               003ff27c   00000d44  00000000  00000d44  RWIX
  RESET                 003fffc0   00000002  00000000  00000002  RWIX

PAGE 1:
  BOOT_RSVD             00000002   0000004e  00000000  0000004e  RWIX
  RAMM1                 00000400   00000400  00000300  00000100  RWIX
  DRAML0                00008900   00000700  00000016  000006ea  RWIX


SECTION ALLOCATION MAP

 output                                  attributes/
section   page    origin      length       input sections
--------  ----  ----------  ----------   ----------------
.cinit     0    00000050    0000001e     
                  00000050    0000000e     rts2800_ml.lib : exit.c.obj (.cinit)
                  0000005e    00000005                    : _lock.c.obj (.cinit:__lock)
                  00000063    00000005                    : _lock.c.obj (.cinit:__unlock)
                  00000068    00000004     main.obj (.cinit)
                  0000006c    00000002     --HOLE-- [fill = 0]

.text      0    00008000    00000384     
                  00008000    0000010e     main.obj (.text)
                  0000810e    00000054     rts2800_ml.lib : boot28.asm.obj (.text)
                  00008162    00000049     driverlib.lib : gpio.obj (.text:_GPIO_setMode)
                  000081ab    00000034                   : gpio.obj (.text:_GPIO_setDirection)
                  000081df    00000034                   : gpio.obj (.text:_GPIO_setPullUp)
                  00008213    0000002b                   : gpio.obj (.text:_GPIO_setQualification)
                  0000823e    00000029     rts2800_ml.lib : exit.c.obj (.text)
                  00008267    00000024                    : cpy_tbl.c.obj (.text)
                  0000828b    0000001d                    : memcpy.c.obj (.text)
                  000082a8    00000019                    : args_main.c.obj (.text)
                  000082c1    00000015     driverlib.lib : pll.obj (.text:_PLL_setup)
                  000082d6    00000013                   : gpio.obj (.text:_GPIO_setHigh)
                  000082e9    00000013                   : gpio.obj (.text:_GPIO_setLow)
                  000082fc    00000009                   : clk.obj (.text:_CLK_enableSciaClock)
                  00008305    00000009                   : sci.obj (.text:_SCI_putDataBlocking)
                  0000830e    00000009     rts2800_ml.lib : _lock.c.obj (.text)
                  00008317    00000008     driverlib.lib : sci.obj (.text:_SCI_getDataBlocking)
                  0000831f    00000008                   : wdog.obj (.text:_WDOG_disable)
                  00008327    00000007                   : clk.obj (.text:_CLK_init)
                  0000832e    00000007                   : clk.obj (.text:_CLK_setOscSrc)
                  00008335    00000007                   : gpio.obj (.text:_GPIO_init)
                  0000833c    00000007                   : pll.obj (.text:_PLL_init)
                  00008343    00000007                   : pll.obj (.text:_PLL_setDivider)
                  0000834a    00000007                   : sci.obj (.text:_SCI_init)
                  00008351    00000007                   : wdog.obj (.text:_WDOG_init)
                  00008358    00000006                   : pll.obj (.text:_PLL_setMultiplier)
                  0000835e    00000006                   : sci.obj (.text:_SCI_setBaudRate)
                  00008364    00000004                   : sci.obj (.text:_SCI_setCharLength)
                  00008368    00000004                   : sci.obj (.text:_SCI_setNumStopBits)
                  0000836c    00000003                   : pll.obj (.text:_PLL_getClkStatus)
                  0000836f    00000003                   : pll.obj (.text:_PLL_getLockStatus)
                  00008372    00000003                   : sci.obj (.text:_SCI_disableParity)
                  00008375    00000003                   : sci.obj (.text:_SCI_enable)
                  00008378    00000003                   : sci.obj (.text:_SCI_enableRx)
                  0000837b    00000003                   : sci.obj (.text:_SCI_enableTx)
                  0000837e    00000003                   : sci.obj (.text:_SCI_setPriority)
                  00008381    00000002     rts2800_ml.lib : pre_init.c.obj (.text)
                  00008383    00000001                    : startup.c.obj (.text)

.pinit     0    00000050    00000000     UNINITIALIZED

.reset     0    003fffc0    00000002     DSECT
                  003fffc0    00000002     rts2800_ml.lib : boot28.asm.obj (.reset)

.stack     1    00000400    00000300     UNINITIALIZED
                  00000400    00000300     --HOLE--

.ebss      1    00008900    00000016     UNINITIALIZED
                  00008900    0000000c     main.obj (.ebss)
                  0000890c    00000006     rts2800_ml.lib : exit.c.obj (.ebss)
                  00008912    00000002                    : _lock.c.obj (.ebss:__lock)
                  00008914    00000002                    : _lock.c.obj (.ebss:__unlock)

MODULE SUMMARY

       Module            code   initialized data   uninitialized data
       ------            ----   ----------------   ------------------
    .\
       main.obj          270    4                  12                
    +--+-----------------+------+------------------+--------------------+
       Total:            270    4                  12                
                                                                     
    C:/ti/controlSUITE/development_kits/C2000_LaunchPad/f2802x_common/lib/driverlib.lib
       gpio.obj          265    0                  0                 
       sci.obj           53     0                  0                 
       pll.obj           47     0                  0                 
       clk.obj           23     0                  0                 
       wdog.obj          15     0                  0                 
    +--+-----------------+------+------------------+--------------------+
       Total:            403    0                  0                 
                                                                     
    C:\ti\ccs901\ccs\tools\compiler\ti-cgt-c2000_18.12.2.LTS\lib\rts2800_ml.lib
       boot28.asm.obj    84     0                  0                 
       exit.c.obj        41     14                 6                 
       cpy_tbl.c.obj     36     0                  0                 
       memcpy.c.obj      29     0                  0                 
       args_main.c.obj   25     0                  0                 
       _lock.c.obj       9      10                 4                 
       pre_init.c.obj    2      0                  0                 
       startup.c.obj     1      0                  0                 
    +--+-----------------+------+------------------+--------------------+
       Total:            227    24                 10                
                                                                     
       Stack:            0      0                  768               
    +--+-----------------+------+------------------+--------------------+
       Grand Total:      900    28                 790               


GLOBAL DATA SYMBOLS: SORTED BY DATA PAGE

address     data page           name
--------    ----------------    ----
00000400      10 (00000400)     __stack

00008900     224 (00008900)     _ledState
00008902     224 (00008900)     _myWDog
00008904     224 (00008900)     _myClk
00008906     224 (00008900)     _myPll
00008908     224 (00008900)     _myGpio
0000890a     224 (00008900)     _mySci
0000890c     224 (00008900)     ___TI_enable_exit_profile_output
0000890e     224 (00008900)     ___TI_cleanup_ptr
00008910     224 (00008900)     ___TI_dtors_ptr
00008912     224 (00008900)     __lock
00008914     224 (00008900)     __unlock


GLOBAL SYMBOLS: SORTED ALPHABETICALLY BY Name 

page  address   name                            
----  -------   ----                            
0     00008000  .text                           
0     0000823e  C$$EXIT                         
0     000082fc  _CLK_enableSciaClock            
0     00008327  _CLK_init                       
0     0000832e  _CLK_setOscSrc                  
0     00008335  _GPIO_init                      
0     000081ab  _GPIO_setDirection              
0     000082d6  _GPIO_setHigh                   
0     000082e9  _GPIO_setLow                    
0     00008162  _GPIO_setMode                   
0     000081df  _GPIO_setPullUp                 
0     00008213  _GPIO_setQualification          
0     000080d2  _GeneralSetup                   
0     00008030  _Loop                           
0     0000836c  _PLL_getClkStatus               
0     0000836f  _PLL_getLockStatus              
0     0000833c  _PLL_init                       
0     00008343  _PLL_setDivider                 
0     00008358  _PLL_setMultiplier              
0     000082c1  _PLL_setup                      
0     00008372  _SCI_disableParity              
0     00008375  _SCI_enable                     
0     00008378  _SCI_enableRx                   
0     0000837b  _SCI_enableTx                   
0     00008317  _SCI_getDataBlocking            
0     0000834a  _SCI_init                       
0     00008305  _SCI_putDataBlocking            
0     0000835e  _SCI_setBaudRate                
0     00008364  _SCI_setCharLength              
0     00008368  _SCI_setNumStopBits             
0     0000837e  _SCI_setPriority                
0     000080fd  _SciMsg                         
0     00008077  _SciSetup                       
0     0000831f  _WDOG_disable                   
0     00008351  _WDOG_init                      
1     00000700  __STACK_END                     
abs   00000300  __STACK_SIZE                    
1     0000890e  ___TI_cleanup_ptr               
1     00008910  ___TI_dtors_ptr                 
1     0000890c  ___TI_enable_exit_profile_output
abs   ffffffff  ___TI_pprof_out_hndl            
abs   ffffffff  ___TI_prof_data_size            
abs   ffffffff  ___TI_prof_data_start           
abs   ffffffff  ___binit__                      
abs   ffffffff  ___c_args__                     
0     00000050  ___cinit__                      
0     00008384  ___etext__                      
abs   ffffffff  ___pinit__                      
0     00008000  ___text__                       
0     000082a8  __args_main                     
1     00008912  __lock                          
0     00008316  __nop                           
0     00008312  __register_lock                 
0     0000830e  __register_unlock               
1     00000400  __stack                         
0     00008383  __system_post_cinit             
0     00008381  __system_pre_init               
1     00008914  __unlock                        
0     0000823e  _abort                          
0     0000810e  _c_int00                        
0     00008267  _copy_in                        
0     00008240  _exit                           
1     00008900  _ledState                       
0     00008000  _main                           
0     0000828b  _memcpy                         
1     00008904  _myClk                          
1     00008908  _myGpio                         
1     00008906  _myPll                          
1     0000890a  _mySci                          
1     00008902  _myWDog                         
abs   ffffffff  binit                           
0     00000050  cinit                           
0     00008384  etext                           
abs   ffffffff  pinit                           


GLOBAL SYMBOLS: SORTED BY Symbol Address 

page  address   name                            
----  -------   ----                            
0     00000050  ___cinit__                      
0     00000050  cinit                           
0     00008000  .text                           
0     00008000  ___text__                       
0     00008000  _main                           
0     00008030  _Loop                           
0     00008077  _SciSetup                       
0     000080d2  _GeneralSetup                   
0     000080fd  _SciMsg                         
0     0000810e  _c_int00                        
0     00008162  _GPIO_setMode                   
0     000081ab  _GPIO_setDirection              
0     000081df  _GPIO_setPullUp                 
0     00008213  _GPIO_setQualification          
0     0000823e  C$$EXIT                         
0     0000823e  _abort                          
0     00008240  _exit                           
0     00008267  _copy_in                        
0     0000828b  _memcpy                         
0     000082a8  __args_main                     
0     000082c1  _PLL_setup                      
0     000082d6  _GPIO_setHigh                   
0     000082e9  _GPIO_setLow                    
0     000082fc  _CLK_enableSciaClock            
0     00008305  _SCI_putDataBlocking            
0     0000830e  __register_unlock               
0     00008312  __register_lock                 
0     00008316  __nop                           
0     00008317  _SCI_getDataBlocking            
0     0000831f  _WDOG_disable                   
0     00008327  _CLK_init                       
0     0000832e  _CLK_setOscSrc                  
0     00008335  _GPIO_init                      
0     0000833c  _PLL_init                       
0     00008343  _PLL_setDivider                 
0     0000834a  _SCI_init                       
0     00008351  _WDOG_init                      
0     00008358  _PLL_setMultiplier              
0     0000835e  _SCI_setBaudRate                
0     00008364  _SCI_setCharLength              
0     00008368  _SCI_setNumStopBits             
0     0000836c  _PLL_getClkStatus               
0     0000836f  _PLL_getLockStatus              
0     00008372  _SCI_disableParity              
0     00008375  _SCI_enable                     
0     00008378  _SCI_enableRx                   
0     0000837b  _SCI_enableTx                   
0     0000837e  _SCI_setPriority                
0     00008381  __system_pre_init               
0     00008383  __system_post_cinit             
0     00008384  ___etext__                      
0     00008384  etext                           
1     00000400  __stack                         
1     00000700  __STACK_END                     
1     00008900  _ledState                       
1     00008902  _myWDog                         
1     00008904  _myClk                          
1     00008906  _myPll                          
1     00008908  _myGpio                         
1     0000890a  _mySci                          
1     0000890c  ___TI_enable_exit_profile_output
1     0000890e  ___TI_cleanup_ptr               
1     00008910  ___TI_dtors_ptr                 
1     00008912  __lock                          
1     00008914  __unlock                        
abs   00000300  __STACK_SIZE                    
abs   ffffffff  ___TI_pprof_out_hndl            
abs   ffffffff  ___TI_prof_data_size            
abs   ffffffff  ___TI_prof_data_start           
abs   ffffffff  ___binit__                      
abs   ffffffff  ___c_args__                     
abs   ffffffff  ___pinit__                      
abs   ffffffff  binit                           
abs   ffffffff  pinit                           

[74 symbols]
